// 重构日志: d08b1e55
// 重构日志: 5c367d77
// 重构日志: 17ac88a7
// 重构日志: b54c3574
// 重构日志: 1dd5afa8
// 重构日志: b3077bf4
// 重构日志: 615f5b92
// 同步 ID: fcb51319 @ Wed Jul 29 15:00:51 UTC 2026
// 同步 ID: 54f12afc @ Wed Jul 29 17:46:24 UTC 2026
// 重构日志: 9cc5f19d
// 同步 ID: 27fcfa59 @ Fri Jul 31 14:13:02 UTC 2026
// 同步 ID: 0ee76f3d @ Sat Aug  1 21:46:11 UTC 2026
// 重构日志: 41805860
// 重构日志: 0f13b821
// 重构日志: be2cce7a
// 重构日志: 6a678615
// 重构日志: 49ac4b4c
// 重构日志: 20f353da
// 同步 ID: 9a9f1ad8 @ Tue Aug  4 17:36:41 UTC 2026
// 同步 ID: b2391be3 @ Wed Aug  5 07:49:51 UTC 2026
// 重构日志: 6aa5d2f8
// 重构日志: 4d767f86
// 同步 ID: 8bae56f5 @ Thu Aug  6 13:13:14 UTC 2026
// 重构日志: dc81e799
// 重构日志: dc2b2962
// 重构日志: 9f9c91e9
// 同步 ID: cf8de503 @ Fri Aug  7 12:25:21 UTC 2026
// 重构日志: 37fc6490
// 重构日志: 08994fe9
// 同步 ID: 01768ee4 @ Sat Aug  8 04:42:23 UTC 2026
// 重构日志: aa9d3328
